Personagem
 - Nome: Guile
 - Série: Street Fighter
 - RIP de: SNK vs. Capcom: Match of the Millennium
 - RIP por: http://sdb.drshnaps.com/sheets/SNK/SNKvsCapcom/Guile.gif
 - Cores: Maykel "Gardner" dos Santos Braz <maykelsb@yahoo.com.br>

Frames
 - Largura: 51 px
 - Altura: 50 px

Mapeamento de Animações
+==========+======================+========+=============+============+======================================+
|Ação      |Frames                |Contínua|Interrompível|Implementado|Observação                            |
+==========+======================+========+=============+============+======================================+
|PARADO    |0 a 5                 |SIM     |SIM          |SIM         |                                      |
+----------+----------------------+--------+-------------+------------+--------------------------------------+
|ANDANDO   |7 a 11                |SIM     |SIM          |IMCOMPLETO* |                                      |
+----------+----------------------+--------+-------------+------------+--------------------------------------+
|ABAIXANDO |12 a 13               |NÃO     |SIM          |SIM         |                                      |
+----------+----------------------+--------+-------------+------------+--------------------------------------+
|CORRENDO  |14 a 17               |SIM     |SIM          |SIM         |                                      |
+----------+----------------------+--------+-------------+------------+--------------------------------------+
|PULANDO   |12, 21(x2), 22(x2)    |NÃO     |NÃO          |SIM         |Repete voltando;                      |
+----------+----------------------+--------+-------------+------------+--------------------------------------+
|PROVOCANDO|18 a 20               |NÃO     |SIM          |NÃO         |                                      |
+----------+----------------------+--------+-------------+------------+--------------------------------------+
|VIRANDO   |6                     |NÃO     |SIM          |NÃO         |Pré estado de ANDANDO/CORRENDO        |
+----------+----------------------+--------+-------------+------------+--------------------------------------+
|LEVANTANDO|12                    |NÃO     |NÃO          |NÃO         |Pós estado ABAIXANDO                  |
+----------+----------------------+--------+-------------+------------+--------------------------------------+
|SOCO FRACO|23 a 24               |NÃO     |NÃO          |NÃO         |Pós estado ABAIXANDO                  |
+----------+----------------------+--------+-------------+------------+--------------------------------------+
* Personagem não é deslocado;