Tamanho dos Frames
Largura: 48 px
Altura: 50 px

Mapeamento de Animações
+==========+==================+========+============+==============================+
|Ação      |Frames            |Contínua|Implementado|Observação                    |
+==========+==================+========+============+==============================+
|PARADO    |0 a 5             |SIM     |SIM         |                              |
+----------+------------------+--------+------------+------------------------------+
|ANDANDO   |7 a 11            |SIM     |SIM         |                              |
+----------+------------------+--------+------------+------------------------------+
|ABAIXANDO |12 a 13           |NÃO     |SIM         |                              |
+----------+------------------+--------+------------+------------------------------+
|CORRENDO  |14 a 17           |SIM     |SIM         |                              |
+----------+------------------+--------+------------+------------------------------+
|PULANDO   |12, 21(x2), 22(x2)|NÃO     |SIM         |Repete voltando               |
+----------+------------------+--------+------------+------------------------------+
|PROVOCANDO|18 a 20           |NÃO     |NÃO         |                              |
+----------+------------------+--------+------------+------------------------------+
|VIRANDO   |6                 |NÃO     |NÃO         |Pré estado de ANDANDO/CORRENDO|
+----------+------------------+--------+------------+------------------------------+
